// Jest Snapshot v1, https://goo.gl/fbAQLP

exports[`matches snapshot 1`] = `
<DocumentFragment>
  <div
    class="ImageSearchComponent-root-1"
  >
    <div
      class="MuiGrid-root MuiGrid-container MuiGrid-spacing-xs-2"
    />
  </div>
</DocumentFragment>
`;
