// Jest Snapshot v1, https://goo.gl/fbAQLP

exports[`matches snapshot 1`] = `
<DocumentFragment>
  <div
    class="error-page-section"
  >
    <span
      class="error-text"
    >
      Error while fetiching images!
    </span>
  </div>
</DocumentFragment>
`;
